../Core/Src/main.c:90:5:main	8	static
../Core/Src/main.c:178:6:SystemClock_Config	88	static
../Core/Src/main.c:224:13:MX_TIM1_Init	96	static
../Core/Src/main.c:299:13:MX_TIM2_Init	48	static
../Core/Src/main.c:357:13:MX_USART2_UART_Init	8	static
../Core/Src/main.c:388:13:MX_DMA_Init	16	static
../Core/Src/main.c:406:13:MX_GPIO_Init	48	static
../Core/Src/main.c:435:7:IC_Calc_Period	32	static
../Core/Src/main.c:451:6:RPM	16	static
../Core/Src/main.c:461:6:adj	16	static
../Core/Src/main.c:503:6:Error_Handler	4	static,ignoring_inline_asm
